// Jest Snapshot v1, https://goo.gl/fbAQLP

exports[`everything looks the same 1`] = `
<div
  className="Todo"
>
  <div
    className="new-todo"
  >
    <form
      onSubmit={[Function]}
    >
      <input
        className="inputToDo"
        onChange={[Function]}
        type="text"
        value=""
      />
      <button
        type="submit"
      >
        Add
      </button>
    </form>
  </div>
  <ul
    className="todos"
  />
</div>
`;
